// Jest Snapshot v1, https://goo.gl/fbAQLP

exports[`Loading component renders Loading 1`] = `
<DocumentFragment>
  <img
    alt="Loading"
    src="https://media0.giphy.com/media/VJCSpN9VaG7K4p3CUj/source.gif"
  />
</DocumentFragment>
`;
